<?xml version="1.0" encoding="utf-8"?><testsuites><testsuite name="pytest" errors="0" failures="0" skipped="0" tests="34" time="3.890" timestamp="2025-12-04T18:21:36.450390" hostname="hokim-System-Product-Name"><testcase classname="tests.test_comments.TestGetPostComments" name="test_get_post_comments" time="0.292" /><testcase classname="tests.test_comments.TestCommentsPostRelationship" name="test_all_comments_belong_to_post" time="0.097" /><testcase classname="tests.test_comments.TestCommentsPostRelationship" name="test_comments_relationship_parametrized[1]" time="0.095" /><testcase classname="tests.test_comments.TestCommentsPostRelationship" name="test_comments_relationship_parametrized[2]" time="0.096" /><testcase classname="tests.test_comments.TestCommentsPostRelationship" name="test_comments_relationship_parametrized[3]" time="0.096" /><testcase classname="tests.test_comments.TestCommentEmailValidation" name="test_validate_comment_emails" time="0.095" /><testcase classname="tests.test_comments.TestCommentEmailValidation" name="test_validate_emails_with_pydantic" time="0.096" /><testcase classname="tests.test_comments.TestCommentsContent" name="test_comments_not_empty" time="0.095" /><testcase classname="tests.test_comments.TestCommentsContent" name="test_comment_data_types" time="0.094" /><testcase classname="tests.test_comments.TestCommentsQuery" name="test_get_comments_by_query_param" time="0.098" /><testcase classname="tests.test_posts.TestGetPosts" name="test_get_all_posts" time="0.097" /><testcase classname="tests.test_posts.TestGetPostById" name="test_get_post_by_id_positive" time="0.095" /><testcase classname="tests.test_posts.TestGetPostById" name="test_get_nonexistent_post_negative" time="0.097" /><testcase classname="tests.test_posts.TestCreatePost" name="test_create_post" time="0.192" /><testcase classname="tests.test_posts.TestUpdatePost" name="test_update_post" time="0.191" /><testcase classname="tests.test_posts.TestDeletePost" name="test_delete_post" time="0.214" /><testcase classname="tests.test_posts.TestParametrizedPosts" name="test_get_multiple_posts_by_id[1]" time="0.096" /><testcase classname="tests.test_posts.TestParametrizedPosts" name="test_get_multiple_posts_by_id[2]" time="0.124" /><testcase classname="tests.test_posts.TestParametrizedPosts" name="test_get_multiple_posts_by_id[3]" time="0.098" /><testcase classname="tests.test_posts.TestParametrizedPosts" name="test_get_multiple_posts_by_id[5]" time="0.098" /><testcase classname="tests.test_posts.TestParametrizedPosts" name="test_get_multiple_posts_by_id[10]" time="0.096" /><testcase classname="tests.test_posts.TestParametrizedPosts" name="test_posts_count_by_user[1-10]" time="0.095" /><testcase classname="tests.test_posts.TestParametrizedPosts" name="test_posts_count_by_user[2-10]" time="0.097" /><testcase classname="tests.test_users.TestGetUsers" name="test_get_all_users" time="0.095" /><testcase classname="tests.test_users.TestGetUserById" name="test_get_user_by_id" time="0.096" /><testcase classname="tests.test_users.TestUserEmailValidation" name="test_validate_all_user_emails" time="0.094" /><testcase classname="tests.test_users.TestUserEmailValidation" name="test_validate_specific_user_email[1]" time="0.095" /><testcase classname="tests.test_users.TestUserEmailValidation" name="test_validate_specific_user_email[2]" time="0.099" /><testcase classname="tests.test_users.TestUserEmailValidation" name="test_validate_specific_user_email[3]" time="0.096" /><testcase classname="tests.test_users.TestUserEmailValidation" name="test_validate_specific_user_email[4]" time="0.096" /><testcase classname="tests.test_users.TestUserEmailValidation" name="test_validate_specific_user_email[5]" time="0.096" /><testcase classname="tests.test_users.TestUserAddressStructure" name="test_user_address_structure" time="0.095" /><testcase classname="tests.test_users.TestUserAddressStructure" name="test_all_users_address_structure" time="0.094" /><testcase classname="tests.test_users.TestUserCompany" name="test_user_has_company_info" time="0.098" /></testsuite></testsuites>